// Jest Snapshot v1, https://jestjs.io/docs/snapshot-testing

exports[`<RoomFacePile /> renders 1`] = `
<DocumentFragment>
  <div
    aria-describedby="react-use-id-1"
    aria-labelledby="react-use-id-2"
    class="mx_AccessibleButton mx_FacePile"
    role="button"
    tabindex="0"
  >
    <div
      class="_stacked-avatars_va14e_109"
    >
      <span
        class="_avatar_va14e_8 mx_BaseAvatar _avatar-imageless_va14e_55"
        data-color="4"
        data-testid="avatar-img"
        data-type="round"
        role="presentation"
        style="--cpd-avatar-size: 28px;"
      >
        b
      </span>
    </div>
  </div>
  <span
    style="position: absolute; inline-size: 1px; block-size: 1px; overflow: hidden; clip-path: inset(50%); white-space: nowrap;"
  >
    <span
      id="react-use-id-2"
    >
      1 member
    </span>
    <span
      class="_caption_1nqnq_28 cpd-theme-dark"
      id="react-use-id-1"
    >
      Including you, @bob:example.org
    </span>
  </span>
</DocumentFragment>
`;
