// Jest Snapshot v1, https://jestjs.io/docs/snapshot-testing

exports[`link-tooltip does nothing for empty element 1`] = `
<DocumentFragment>
  <div />
</DocumentFragment>
`;

exports[`link-tooltip wraps single anchor 1`] = `
<DocumentFragment>
  
            
  <div>
    
                
    <span
      aria-labelledby="react-use-id-1"
      tabindex="0"
    >
      <a
        href="/foo"
      >
        click
      </a>
    </span>
    <span
      style="position: absolute; inline-size: 1px; block-size: 1px; overflow: hidden; clip-path: inset(50%); white-space: nowrap;"
    >
      <span
        id="react-use-id-1"
      >
        http://localhost/foo
      </span>
    </span>
    
            
  </div>
  
        
</DocumentFragment>
`;
